简化版文本编辑器测试报告
测试时间: 2025-12-26 13:02:59
测试总数: 6
通过测试: 6
成功率: 100.0%

源代码完整性测试: 通过
编译输出测试: 通过
应用程序包测试: 通过
测试文件创建: 通过
应用程序启动测试: 通过
进程状态检查: 通过
